============================= test session starts =============================
platform win32 -- Python 3.13.5, pytest-8.4.1, pluggy-1.6.0 -- c:\Users\Kaustab das\Desktop\co2-emission-forecasting-main\.venv\Scripts\python.exe
cachedir: .pytest_cache
rootdir: C:\Users\Kaustab das\Desktop\co2-emission-forecasting-main
collecting ... collected 4 items

utils/utils.py::test_all_sectors PASSED                                  [ 25%]
utils/utils.py::test_model_predictions PASSED                            [ 50%]
utils/utils.py::test_dashboard_data PASSED                               [ 75%]
utils/utils.py::test_anomaly_detection PASSED                            [100%]

============================== 4 passed in 2.96s ==============================
